5722 Tue Apr 29 20:20:24 2014  int main(int, const char**) : Hello logger Data is : 9world !
5722 Tue Apr 29 20:20:24 2014  int main(int, const char**) : Hello again867.899000-1 world !
